------------------------------------------------------------
TimeQuest Timing Analyzer Summary
------------------------------------------------------------

Type  : Slow 1100mV 85C Model Setup 'vga_controller:VGA_Controller|disp_ena'
Slack : -6.696
TNS   : -32.378

Type  : Slow 1100mV 85C Model Setup 'pixel_clk'
Slack : -4.016
TNS   : -131.636

Type  : Slow 1100mV 85C Model Hold 'pixel_clk'
Slack : 0.381
TNS   : 0.000

Type  : Slow 1100mV 85C Model Hold 'vga_controller:VGA_Controller|disp_ena'
Slack : 3.804
TNS   : 0.000

Type  : Slow 1100mV 85C Model Minimum Pulse Width 'pixel_clk'
Slack : -0.394
TNS   : -23.619

Type  : Slow 1100mV 85C Model Minimum Pulse Width 'vga_controller:VGA_Controller|disp_ena'
Slack : 0.387
TNS   : 0.000

Type  : Slow 1100mV 0C Model Setup 'vga_controller:VGA_Controller|disp_ena'
Slack : -6.744
TNS   : -32.542

Type  : Slow 1100mV 0C Model Setup 'pixel_clk'
Slack : -3.885
TNS   : -127.080

Type  : Slow 1100mV 0C Model Hold 'pixel_clk'
Slack : 0.391
TNS   : 0.000

Type  : Slow 1100mV 0C Model Hold 'vga_controller:VGA_Controller|disp_ena'
Slack : 3.825
TNS   : 0.000

Type  : Slow 1100mV 0C Model Minimum Pulse Width 'pixel_clk'
Slack : -0.394
TNS   : -26.110

Type  : Slow 1100mV 0C Model Minimum Pulse Width 'vga_controller:VGA_Controller|disp_ena'
Slack : 0.421
TNS   : 0.000

Type  : Fast 1100mV 85C Model Setup 'vga_controller:VGA_Controller|disp_ena'
Slack : -3.498
TNS   : -16.660

Type  : Fast 1100mV 85C Model Setup 'pixel_clk'
Slack : -1.937
TNS   : -56.827

Type  : Fast 1100mV 85C Model Hold 'pixel_clk'
Slack : 0.182
TNS   : 0.000

Type  : Fast 1100mV 85C Model Hold 'vga_controller:VGA_Controller|disp_ena'
Slack : 2.285
TNS   : 0.000

Type  : Fast 1100mV 85C Model Minimum Pulse Width 'pixel_clk'
Slack : -0.083
TNS   : -3.501

Type  : Fast 1100mV 85C Model Minimum Pulse Width 'vga_controller:VGA_Controller|disp_ena'
Slack : 0.440
TNS   : 0.000

Type  : Fast 1100mV 0C Model Setup 'vga_controller:VGA_Controller|disp_ena'
Slack : -3.297
TNS   : -15.792

Type  : Fast 1100mV 0C Model Setup 'pixel_clk'
Slack : -1.651
TNS   : -47.606

Type  : Fast 1100mV 0C Model Hold 'pixel_clk'
Slack : 0.175
TNS   : 0.000

Type  : Fast 1100mV 0C Model Hold 'vga_controller:VGA_Controller|disp_ena'
Slack : 2.232
TNS   : 0.000

Type  : Fast 1100mV 0C Model Minimum Pulse Width 'pixel_clk'
Slack : -0.084
TNS   : -3.547

Type  : Fast 1100mV 0C Model Minimum Pulse Width 'vga_controller:VGA_Controller|disp_ena'
Slack : 0.451
TNS   : 0.000

------------------------------------------------------------
