------------------------------------------------------------
TimeQuest Timing Analyzer Summary
------------------------------------------------------------

Type  : Slow 1100mV 85C Model Setup 'vga_controller:VGA_Controller|disp_ena'
Slack : -5.914
TNS   : -116.860

Type  : Slow 1100mV 85C Model Setup 'pixel_clk'
Slack : -2.925
TNS   : -111.072

Type  : Slow 1100mV 85C Model Hold 'pixel_clk'
Slack : 0.397
TNS   : 0.000

Type  : Slow 1100mV 85C Model Hold 'vga_controller:VGA_Controller|disp_ena'
Slack : 3.153
TNS   : 0.000

Type  : Slow 1100mV 85C Model Minimum Pulse Width 'pixel_clk'
Slack : -0.394
TNS   : -25.152

Type  : Slow 1100mV 85C Model Minimum Pulse Width 'vga_controller:VGA_Controller|disp_ena'
Slack : 0.213
TNS   : 0.000

Type  : Slow 1100mV 0C Model Setup 'vga_controller:VGA_Controller|disp_ena'
Slack : -6.006
TNS   : -118.840

Type  : Slow 1100mV 0C Model Setup 'pixel_clk'
Slack : -2.928
TNS   : -110.199

Type  : Slow 1100mV 0C Model Hold 'pixel_clk'
Slack : 0.397
TNS   : 0.000

Type  : Slow 1100mV 0C Model Hold 'vga_controller:VGA_Controller|disp_ena'
Slack : 3.281
TNS   : 0.000

Type  : Slow 1100mV 0C Model Minimum Pulse Width 'pixel_clk'
Slack : -0.394
TNS   : -27.484

Type  : Slow 1100mV 0C Model Minimum Pulse Width 'vga_controller:VGA_Controller|disp_ena'
Slack : 0.231
TNS   : 0.000

Type  : Fast 1100mV 85C Model Setup 'vga_controller:VGA_Controller|disp_ena'
Slack : -3.036
TNS   : -58.908

Type  : Fast 1100mV 85C Model Setup 'pixel_clk'
Slack : -1.166
TNS   : -36.925

Type  : Fast 1100mV 85C Model Hold 'pixel_clk'
Slack : 0.216
TNS   : 0.000

Type  : Fast 1100mV 85C Model Hold 'vga_controller:VGA_Controller|disp_ena'
Slack : 1.803
TNS   : 0.000

Type  : Fast 1100mV 85C Model Minimum Pulse Width 'pixel_clk'
Slack : -0.089
TNS   : -4.087

Type  : Fast 1100mV 85C Model Minimum Pulse Width 'vga_controller:VGA_Controller|disp_ena'
Slack : 0.263
TNS   : 0.000

Type  : Fast 1100mV 0C Model Setup 'vga_controller:VGA_Controller|disp_ena'
Slack : -2.915
TNS   : -56.673

Type  : Fast 1100mV 0C Model Setup 'pixel_clk'
Slack : -1.021
TNS   : -31.941

Type  : Fast 1100mV 0C Model Hold 'pixel_clk'
Slack : 0.201
TNS   : 0.000

Type  : Fast 1100mV 0C Model Hold 'vga_controller:VGA_Controller|disp_ena'
Slack : 1.840
TNS   : 0.000

Type  : Fast 1100mV 0C Model Minimum Pulse Width 'pixel_clk'
Slack : -0.088
TNS   : -4.129

Type  : Fast 1100mV 0C Model Minimum Pulse Width 'vga_controller:VGA_Controller|disp_ena'
Slack : 0.307
TNS   : 0.000

------------------------------------------------------------
